 "status": "ok",
layout 4.5299530029296875e-06
 "layout_check": {
 "status": "ok",
done laya-typed-decisions 64
 "status": "ok",
layout 2.86102294921875e-06
 "layout_check": {
 "status": "ok",
done laya-typed-decisions 96
 "status": "exists",
done laya-typed-decisions 128
 "status": "ok",
layout 2.1457672119140625e-06
 "layout_check": {
 "status": "ok",
done laya-typed-decisions 256
 "status": "ok",
layout 4.589557647705078e-06
 "layout_check": {
 "status": "ok",
done laya-typed-decisions 512
 "status": "ok",
layout 8.344650268554688e-07
 "layout_check": {
 "status": "ok",
done laya-typed-decisions 1024
 "status": "ok",
layout 1.7642974853515625e-05
 "layout_check": {
 "status": "ok",
done laya-multilingual 64
 "status": "ok",
layout 6.67572021484375e-06
 "layout_check": {
 "status": "ok",
done laya-multilingual 96
 "status": "ok",
layout 1.6450881958007812e-05
 "layout_check": {
 "status": "ok",
done laya-multilingual 128
 "status": "ok",
layout 3.814697265625e-06
 "layout_check": {
 "status": "ok",
done laya-multilingual 256
 "status": "ok",
layout 9.775161743164062e-06
 "layout_check": {
 "status": "ok",
done laya-multilingual 512
 "status": "ok",
layout 8.344650268554688e-06
 "layout_check": {
 "status": "ok",
done laya-multilingual 1024
 "status": "ok",
layout 8.344650268554688e-06
 "layout_check": {
 "status": "ok",
done laya 64
 "status": "ok",
layout 8.344650268554688e-06
 "layout_check": {
 "status": "ok",
done laya 96
 "status": "ok",
layout 6.67572021484375e-06
 "layout_check": {
 "status": "ok",
done laya 128
 "status": "ok",
layout 9.298324584960938e-06
 "layout_check": {
 "status": "ok",
done laya 256
 "status": "ok",
layout 1.7881393432617188e-06
 "layout_check": {
 "status": "ok",
done laya 512
