=== 06:14:29 coldstart
{'run': 0, 'mode': 'mlpackage', 'load_s': 37.85033933294471, 'first_ms': 24.03708396013826, 'second_ms': 11.11666695214808}
{'run': 0, 'mode': 'compiled', 'load_s': 35.29075283394195, 'first_ms': 25.6622500019148, 'second_ms': 10.996208060532808}
{'run': 1, 'mode': 'mlpackage', 'load_s': 37.87738162500318, 'first_ms': 24.36520904302597, 'second_ms': 9.739124914631248}
{'run': 1, 'mode': 'compiled', 'load_s': 0.21973016601987183, 'first_ms': 20.380874979309738, 'second_ms': 9.563666069880128}
{'run': 2, 'mode': 'mlpackage', 'load_s': 37.78147854201961, 'first_ms': 23.928500013425946, 'second_ms': 9.738874970935285}
{'run': 2, 'mode': 'compiled', 'load_s': 0.21047029097098857, 'first_ms': 22.51150005031377, 'second_ms': 9.460542001761496}
{'run': 0, 'mode': 'mlpackage', 'load_s': 18.621140041039325, 'first_ms': 12.572458013892174, 'second_ms': 5.604041973128915}
{'run': 0, 'mode': 'compiled', 'load_s': 17.489201792050153, 'first_ms': 8.957207901403308, 'second_ms': 4.018957959488034}
{'run': 1, 'mode': 'mlpackage', 'load_s': 18.6204277909128, 'first_ms': 8.957708021625876, 'second_ms': 4.1441250359639525}
{'run': 1, 'mode': 'compiled', 'load_s': 0.1267470830352977, 'first_ms': 9.860499994829297, 'second_ms': 4.0741669945418835}
=== 06:18:13 refinement conversions
 "status": "ok",
 "status": "ok",
 "status": "ok",
 "status": "ok",
 "status": "ok",
 "status": "ok",
=== 06:20:44 refinement timing
laya-typed-decisions ane-bc1s-masked cpu_ne L160 q1: fwd p50 15.73 p95 15.83 (n=255) | e2e p50 15.91 | load 37.7s
laya-typed-decisions ane-bc1s-masked cpu_ne L192 q1: fwd p50 16.76 p95 16.84 (n=239) | e2e p50 16.94 | load 37.6s
laya-typed-decisions ane-bc1s-masked cpu_ne L224 q1: fwd p50 18.39 p95 18.76 (n=218) | e2e p50 18.61 | load 38.0s
laya-typed-decisions mlx float16 L160 q1: fwd p50 14.69 p95 14.86 (n=274) | e2e p50 14.84 | load 0.1s
laya-typed-decisions mlx float16 L192 q1: fwd p50 15.48 p95 15.61 (n=260) | e2e p50 15.42 | load 0.1s
laya-typed-decisions mlx float16 L224 q1: fwd p50 18.58 p95 18.70 (n=217) | e2e p50 18.80 | load 0.1s
laya-multilingual ane-bc1s-masked cpu_ne L320 q1: fwd p50 11.86 p95 11.99 (n=300) | e2e p50 12.11 | load 22.8s
laya-multilingual ane-bc1s-masked cpu_ne L384 q1: fwd p50 13.92 p95 14.01 (n=288) | e2e p50 14.13 | load 21.0s
laya-multilingual ane-bc1s-masked cpu_ne L448 q1: fwd p50 18.14 p95 18.23 (n=221) | e2e p50 18.34 | load 21.7s
laya-multilingual mlx float16 L320 q1: fwd p50 10.06 p95 10.23 (n=300) | e2e p50 10.25 | load 0.3s
laya-multilingual mlx float16 L384 q1: fwd p50 11.69 p95 11.76 (n=300) | e2e p50 11.88 | load 0.3s
laya-multilingual mlx float16 L448 q1: fwd p50 13.40 p95 13.48 (n=299) | e2e p50 13.48 | load 0.3s
=== 06:25:23 windowed parity
laya-typed-decisions ane,units=cpu_ne,variant=windowed,buckets=[128, 256, 512, 1024]: passed=True status=ran prob_max=0.007666298291743701 mism=1 hard=0 logit_max=0.053394630551338196 act=0.0 rep=True err=None
=== 06:41:00 done
