research/phase-0-feasibility/.venv/lib/python3.12/site-packages/laya/agent.py:385: RuntimeWarning: laya: this checkpoint ships temperatures outside [0.5, 5] which would distort confidence; clamping choice:11+=0.1006. Treat confidence from the affected buckets as uncalibrated.
  return Agent(model_id_or_path, device=device, token=token, subfolder=subfolder)
L64-s11 64 tok-match True
L64-s12 64 tok-match True
L64-s13 64 tok-match True
L96-s11 96 tok-match True
L96-s12 96 tok-match True
L96-s13 96 tok-match True
L128-s11 128 tok-match True
L128-s12 128 tok-match True
L128-s13 128 tok-match True
L256-s11 256 tok-match True
L256-s12 256 tok-match True
L256-s13 256 tok-match True
L512-s11 512 tok-match True
L512-s12 512 tok-match True
L512-s13 512 tok-match True
L1024-s11 1024 tok-match True
L1024-s12 1024 tok-match True
L1024-s13 1024 tok-match True
lang-en 71 tok-match True
lang-de 84 tok-match True
lang-fr 81 tok-match True
lang-es 76 tok-match True
lang-zh 80 tok-match True
lang-ja 81 tok-match True
lang-hi 128 tok-match True
lang-ru 99 tok-match True
lang-ar 92 tok-match True
empty-state 47 tok-match True
conversation 96 tok-match True
mask-literals 58 tok-match True
edge-questions 115 tok-match True
overflow-truncated 1024 tok-match True
research/phase-0-feasibility/.venv/lib/python3.12/site-packages/laya/agent.py:385: RuntimeWarning: laya: this checkpoint ships temperatures outside [0.5, 5] which would distort confidence; clamping choice:11+=0.1006. Treat confidence from the affected buckets as uncalibrated.
  return Agent(model_id_or_path, device=device, token=token, subfolder=subfolder)
L64-s11 64 tok-match True
L64-s12 64 tok-match True
L64-s13 64 tok-match True
L96-s11 96 tok-match True
L96-s12 96 tok-match True
L96-s13 96 tok-match True
L128-s11 128 tok-match True
L128-s12 128 tok-match True
L128-s13 128 tok-match True
L256-s11 256 tok-match True
L256-s12 256 tok-match True
L256-s13 256 tok-match True
L512-s11 512 tok-match True
L512-s12 512 tok-match True
L512-s13 512 tok-match True
lang-en 71 tok-match True
lang-de 84 tok-match True
lang-fr 81 tok-match True
lang-es 76 tok-match True
lang-zh 80 tok-match True
lang-ja 81 tok-match True
lang-hi 128 tok-match True
lang-ru 99 tok-match True
lang-ar 92 tok-match True
empty-state 47 tok-match True
conversation 96 tok-match True
mask-literals 58 tok-match True
edge-questions 115 tok-match True
overflow-truncated 512 tok-match True
L64-s11 64 tok-match True
L64-s12 64 tok-match True
L64-s13 64 tok-match True
L96-s11 96 tok-match True
L96-s12 96 tok-match True
L96-s13 96 tok-match True
L128-s11 128 tok-match True
L128-s12 128 tok-match True
L128-s13 128 tok-match True
L256-s11 256 tok-match True
L256-s12 256 tok-match True
L256-s13 256 tok-match True
L512-s11 512 tok-match True
L512-s12 512 tok-match True
L512-s13 512 tok-match True
L1024-s11 1024 tok-match True
L1024-s12 1024 tok-match True
L1024-s13 1024 tok-match True
lang-en 70 tok-match True
lang-de 71 tok-match True
lang-fr 74 tok-match True
lang-es 72 tok-match True
lang-zh 67 tok-match True
lang-ja 68 tok-match True
lang-hi 80 tok-match True
lang-ru 75 tok-match True
lang-ar 75 tok-match True
empty-state 44 tok-match True
conversation 95 tok-match True
mask-literals 56 tok-match True
edge-questions 136 tok-match True
overflow-truncated 1024 tok-match True
