=== 03:17:26 latency matrix
laya-typed-decisions mlx float16 L64 q1: fwd p50 9.39 p95 9.51 (n=300) | e2e p50 9.45 | load 1.1s
laya-typed-decisions mlx float16 L64 q4: fwd p50 18.77 p95 18.94 (n=214) | e2e p50 19.06 | load 1.1s
laya-typed-decisions mlx float16 L64 q8: fwd p50 32.73 p95 32.84 (n=123) | e2e p50 33.08 | load 1.1s
laya-typed-decisions mlx float16 L96 q1: fwd p50 11.57 p95 11.64 (n=300) | e2e p50 11.67 | load 1.1s
laya-typed-decisions mlx float16 L96 q4: fwd p50 26.32 p95 26.46 (n=153) | e2e p50 26.72 | load 1.1s
laya-typed-decisions mlx float16 L96 q8: fwd p50 46.80 p95 46.88 (n=86) | e2e p50 47.23 | load 1.1s
laya-typed-decisions mlx float16 L128 q1: fwd p50 12.23 p95 12.32 (n=300) | e2e p50 12.37 | load 1.1s
laya-typed-decisions mlx float16 L128 q4: fwd p50 33.16 p95 33.30 (n=121) | e2e p50 33.59 | load 1.1s
laya-typed-decisions mlx float16 L128 q8: fwd p50 62.07 p95 62.25 (n=65) | e2e p50 62.91 | load 1.1s
laya-typed-decisions mlx float16 L256 q1: fwd p50 19.23 p95 19.33 (n=209) | e2e p50 19.24 | load 1.1s
laya-typed-decisions mlx float16 L256 q4: fwd p50 63.46 p95 63.56 (n=64) | e2e p50 64.24 | load 1.1s
laya-typed-decisions mlx float16 L256 q8: fwd p50 118.66 p95 118.74 (n=50) | e2e p50 120.20 | load 1.1s
laya-typed-decisions mlx float16 L512 q1: fwd p50 35.21 p95 35.31 (n=114) | e2e p50 35.59 | load 1.1s
laya-typed-decisions mlx float16 L512 q4: fwd p50 123.95 p95 124.11 (n=50) | e2e p50 125.49 | load 1.1s
laya-typed-decisions mlx float16 L512 q8: fwd p50 241.48 p95 241.67 (n=50) | e2e p50 245.18 | load 1.1s
laya-typed-decisions mlx float16 L1024 q1: fwd p50 71.00 p95 71.13 (n=57) | e2e p50 71.78 | load 1.1s
laya-typed-decisions mlx float16 L1024 q4: fwd p50 262.30 p95 262.40 (n=50) | e2e p50 265.73 | load 1.1s
laya-typed-decisions mlx float16 L1024 q8: fwd p50 518.08 p95 518.23 (n=50) | e2e p50 524.71 | load 1.1s
laya-multilingual mlx float16 L64 q1: fwd p50 5.42 p95 5.49 (n=300) | e2e p50 5.48 | load 0.3s
laya-multilingual mlx float16 L64 q4: fwd p50 8.30 p95 8.40 (n=300) | e2e p50 8.55 | load 0.3s
laya-multilingual mlx float16 L64 q8: fwd p50 13.65 p95 13.75 (n=294) | e2e p50 14.07 | load 0.3s
laya-multilingual mlx float16 L96 q1: fwd p50 6.36 p95 6.43 (n=300) | e2e p50 6.42 | load 0.3s
laya-multilingual mlx float16 L96 q4: fwd p50 11.06 p95 11.14 (n=300) | e2e p50 11.34 | load 0.3s
laya-multilingual mlx float16 L96 q8: fwd p50 19.30 p95 19.39 (n=208) | e2e p50 19.82 | load 0.3s
laya-multilingual mlx float16 L128 q1: fwd p50 6.47 p95 6.53 (n=300) | e2e p50 6.55 | load 0.3s
laya-multilingual mlx float16 L128 q4: fwd p50 13.86 p95 13.98 (n=289) | e2e p50 14.22 | load 0.3s
laya-multilingual mlx float16 L128 q8: fwd p50 23.56 p95 23.74 (n=170) | e2e p50 24.31 | load 0.3s
laya-multilingual mlx float16 L256 q1: fwd p50 8.56 p95 8.64 (n=300) | e2e p50 8.74 | load 0.3s
laya-multilingual mlx float16 L256 q4: fwd p50 24.56 p95 24.65 (n=163) | e2e p50 25.12 | load 0.3s
laya-multilingual mlx float16 L256 q8: fwd p50 45.11 p95 45.19 (n=89) | e2e p50 46.17 | load 0.3s
laya-multilingual mlx float16 L512 q1: fwd p50 14.97 p95 15.06 (n=268) | e2e p50 15.23 | load 0.3s
laya-multilingual mlx float16 L512 q4: fwd p50 48.42 p95 48.51 (n=83) | e2e p50 49.42 | load 0.3s
laya-multilingual mlx float16 L512 q8: fwd p50 92.79 p95 92.87 (n=50) | e2e p50 94.76 | load 0.3s
laya-multilingual mlx float16 L1024 q1: fwd p50 29.11 p95 29.24 (n=138) | e2e p50 29.69 | load 0.3s
laya-multilingual mlx float16 L1024 q4: fwd p50 105.28 p95 105.37 (n=50) | e2e p50 107.15 | load 0.3s
laya-multilingual mlx float16 L1024 q8: fwd p50 204.70 p95 204.83 (n=50) | e2e p50 208.84 | load 0.3s
laya mlx float16 L64 q1: fwd p50 9.40 p95 9.52 (n=300) | e2e p50 9.48 | load 0.1s
laya mlx float16 L64 q4: fwd p50 18.85 p95 18.92 (n=213) | e2e p50 18.90 | load 0.1s
laya mlx float16 L64 q8: fwd p50 32.77 p95 32.92 (n=123) | e2e p50 33.26 | load 0.1s
laya mlx float16 L96 q1: fwd p50 11.59 p95 11.68 (n=300) | e2e p50 11.70 | load 0.1s
laya mlx float16 L96 q4: fwd p50 26.40 p95 26.52 (n=152) | e2e p50 26.78 | load 0.1s
laya mlx float16 L96 q8: fwd p50 46.82 p95 46.95 (n=86) | e2e p50 47.52 | load 0.1s
laya mlx float16 L128 q1: fwd p50 12.27 p95 12.35 (n=300) | e2e p50 12.39 | load 0.1s
laya mlx float16 L128 q4: fwd p50 33.19 p95 33.31 (n=121) | e2e p50 33.64 | load 0.1s
laya mlx float16 L128 q8: fwd p50 62.09 p95 62.20 (n=65) | e2e p50 62.80 | load 0.1s
laya mlx float16 L256 q1: fwd p50 19.13 p95 19.30 (n=210) | e2e p50 19.44 | load 0.1s
laya mlx float16 L256 q4: fwd p50 63.48 p95 63.57 (n=64) | e2e p50 64.33 | load 0.1s
laya mlx float16 L256 q8: fwd p50 118.65 p95 118.79 (n=50) | e2e p50 120.25 | load 0.1s
laya mlx float16 L512 q1: fwd p50 35.22 p95 35.32 (n=114) | e2e p50 35.61 | load 0.1s
laya mlx float16 L512 q4: fwd p50 123.97 p95 124.41 (n=50) | e2e p50 125.54 | load 0.1s
laya mlx float16 L512 q8: fwd p50 241.55 p95 241.77 (n=50) | e2e p50 245.15 | load 0.1s
laya-typed-decisions ane-bc1s-masked cpu_ne L64 q1: fwd p50 8.07 p95 8.10 (n=300) | e2e p50 8.16 | load 40.5s
laya-typed-decisions ane-bc1s-masked cpu_ne L64 q4: fwd p50 32.29 p95 32.39 (n=124) | e2e p50 32.59 | load 40.5s
laya-typed-decisions ane-bc1s-masked cpu_ne L64 q8: fwd p50 64.60 p95 64.88 (n=62) | e2e p50 65.37 | load 40.5s
laya-typed-decisions ane-bc1s-masked cpu_ne L96 q1: fwd p50 9.02 p95 9.09 (n=300) | e2e p50 9.14 | load 39.1s
laya-typed-decisions ane-bc1s-masked cpu_ne L96 q4: fwd p50 36.06 p95 36.60 (n=111) | e2e p50 36.41 | load 39.1s
laya-typed-decisions ane-bc1s-masked cpu_ne L96 q8: fwd p50 72.08 p95 72.49 (n=56) | e2e p50 73.20 | load 39.1s
laya-typed-decisions ane-bc1s-masked cpu_ne L128 q1: fwd p50 9.93 p95 10.00 (n=300) | e2e p50 10.05 | load 38.3s
laya-typed-decisions ane-bc1s-masked cpu_ne L128 q4: fwd p50 39.67 p95 39.91 (n=101) | e2e p50 40.20 | load 38.3s
laya-typed-decisions ane-bc1s-masked cpu_ne L128 q8: fwd p50 78.93 p95 79.64 (n=51) | e2e p50 80.16 | load 38.3s
laya-typed-decisions ane-bc1s-masked cpu_ne L256 q1: fwd p50 20.07 p95 20.13 (n=200) | e2e p50 20.28 | load 42.8s
laya-typed-decisions ane-bc1s-masked cpu_ne L256 q4: fwd p50 80.18 p95 80.35 (n=50) | e2e p50 81.11 | load 42.8s
laya-typed-decisions ane-bc1s-masked cpu_ne L256 q8: fwd p50 159.90 p95 160.56 (n=50) | e2e p50 162.02 | load 42.8s
laya-typed-decisions ane-bc1s-masked cpu_ne L512 q1: fwd p50 54.43 p95 54.54 (n=74) | e2e p50 54.84 | load 44.7s
laya-typed-decisions ane-bc1s-masked cpu_ne L512 q4: fwd p50 217.38 p95 217.96 (n=50) | e2e p50 219.22 | load 44.7s
laya-typed-decisions ane-bc1s-masked cpu_ne L512 q8: fwd p50 435.84 p95 436.30 (n=50) | e2e p50 438.64 | load 44.7s
laya-typed-decisions ane-bc1s-masked cpu_ne L1024 q1: fwd p50 169.57 p95 169.91 (n=50) | e2e p50 170.53 | load 42.8s
laya-typed-decisions ane-bc1s-masked cpu_ne L1024 q4: fwd p50 679.10 p95 679.51 (n=50) | e2e p50 681.56 | load 42.8s
laya-typed-decisions ane-bc1s-masked cpu_ne L1024 q8: fwd p50 1357.88 p95 1359.29 (n=50) | e2e p50 1362.70 | load 42.8s
laya-multilingual ane-bc1s-masked cpu_ne L64 q1: fwd p50 3.43 p95 3.48 (n=300) | e2e p50 3.50 | load 19.5s
laya-multilingual ane-bc1s-masked cpu_ne L64 q4: fwd p50 13.73 p95 13.84 (n=292) | e2e p50 13.97 | load 19.5s
laya-multilingual ane-bc1s-masked cpu_ne L64 q8: fwd p50 27.36 p95 27.61 (n=147) | e2e p50 27.70 | load 19.5s
laya-multilingual ane-bc1s-masked cpu_ne L96 q1: fwd p50 3.85 p95 3.90 (n=300) | e2e p50 3.94 | load 18.5s
laya-multilingual ane-bc1s-masked cpu_ne L96 q4: fwd p50 15.56 p95 15.70 (n=258) | e2e p50 15.88 | load 18.5s
laya-multilingual ane-bc1s-masked cpu_ne L96 q8: fwd p50 31.14 p95 31.32 (n=129) | e2e p50 31.80 | load 18.5s
laya-multilingual ane-bc1s-masked cpu_ne L128 q1: fwd p50 4.31 p95 4.34 (n=300) | e2e p50 4.35 | load 18.5s
laya-multilingual ane-bc1s-masked cpu_ne L128 q4: fwd p50 17.01 p95 17.25 (n=235) | e2e p50 17.61 | load 18.5s
laya-multilingual ane-bc1s-masked cpu_ne L128 q8: fwd p50 34.40 p95 34.52 (n=117) | e2e p50 35.15 | load 18.5s
laya-multilingual ane-bc1s-masked cpu_ne L256 q1: fwd p50 8.35 p95 8.38 (n=300) | e2e p50 8.52 | load 21.0s
laya-multilingual ane-bc1s-masked cpu_ne L256 q4: fwd p50 33.38 p95 33.48 (n=120) | e2e p50 34.02 | load 21.0s
laya-multilingual ane-bc1s-masked cpu_ne L256 q8: fwd p50 66.70 p95 66.83 (n=61) | e2e p50 66.99 | load 21.0s
laya-multilingual ane-bc1s-masked cpu_ne L512 q1: fwd p50 22.75 p95 22.94 (n=176) | e2e p50 22.94 | load 22.8s
laya-multilingual ane-bc1s-masked cpu_ne L512 q4: fwd p50 90.71 p95 90.82 (n=50) | e2e p50 91.65 | load 22.8s
laya-multilingual ane-bc1s-masked cpu_ne L512 q8: fwd p50 181.32 p95 181.66 (n=50) | e2e p50 182.52 | load 22.8s
laya-multilingual ane-bc1s-masked cpu_ne L1024 q1: fwd p50 82.74 p95 83.31 (n=50) | e2e p50 83.18 | load 22.1s
laya-multilingual ane-bc1s-masked cpu_ne L1024 q4: fwd p50 331.32 p95 332.39 (n=50) | e2e p50 333.09 | load 22.1s
laya-multilingual ane-bc1s-masked cpu_ne L1024 q8: fwd p50 662.04 p95 663.41 (n=50) | e2e p50 666.13 | load 22.1s
laya ane-bc1s-masked cpu_ne L64 q1: fwd p50 8.10 p95 8.15 (n=300) | e2e p50 8.20 | load 37.6s
laya ane-bc1s-masked cpu_ne L64 q4: fwd p50 32.41 p95 32.53 (n=124) | e2e p50 32.69 | load 37.6s
laya ane-bc1s-masked cpu_ne L64 q8: fwd p50 64.82 p95 64.99 (n=62) | e2e p50 65.42 | load 37.6s
laya ane-bc1s-masked cpu_ne L96 q1: fwd p50 9.00 p95 9.08 (n=300) | e2e p50 9.12 | load 37.4s
laya ane-bc1s-masked cpu_ne L96 q4: fwd p50 35.99 p95 36.32 (n=112) | e2e p50 36.38 | load 37.4s
laya ane-bc1s-masked cpu_ne L96 q8: fwd p50 71.94 p95 72.18 (n=56) | e2e p50 72.81 | load 37.4s
laya ane-bc1s-masked cpu_ne L128 q1: fwd p50 9.86 p95 9.89 (n=300) | e2e p50 10.02 | load 37.3s
laya ane-bc1s-masked cpu_ne L128 q4: fwd p50 39.41 p95 39.55 (n=102) | e2e p50 39.93 | load 37.3s
laya ane-bc1s-masked cpu_ne L128 q8: fwd p50 78.91 p95 79.08 (n=51) | e2e p50 80.02 | load 37.3s
laya ane-bc1s-masked cpu_ne L256 q1: fwd p50 20.03 p95 20.10 (n=201) | e2e p50 20.26 | load 42.1s
laya ane-bc1s-masked cpu_ne L256 q4: fwd p50 79.63 p95 80.24 (n=51) | e2e p50 81.06 | load 42.1s
laya ane-bc1s-masked cpu_ne L256 q8: fwd p50 160.21 p95 160.40 (n=50) | e2e p50 161.42 | load 42.1s
laya ane-bc1s-masked cpu_ne L512 q1: fwd p50 54.51 p95 54.62 (n=74) | e2e p50 54.87 | load 44.9s
laya ane-bc1s-masked cpu_ne L512 q4: fwd p50 217.44 p95 218.10 (n=50) | e2e p50 219.32 | load 44.9s
laya ane-bc1s-masked cpu_ne L512 q8: fwd p50 436.15 p95 437.19 (n=50) | e2e p50 438.86 | load 44.9s
laya-typed-decisions ordinary-fixed cpu_ne L64 q1: fwd p50 7.39 p95 7.49 (n=300) | e2e p50 nan | load 8.8s
laya-typed-decisions ordinary-fixed cpu_ne L64 q4: fwd p50 29.50 p95 29.77 (n=136) | e2e p50 nan | load 8.8s
laya-typed-decisions ordinary-fixed cpu_ne L96 q1: fwd p50 7.99 p95 8.09 (n=300) | e2e p50 nan | load 7.9s
laya-typed-decisions ordinary-fixed cpu_ne L96 q4: fwd p50 31.96 p95 32.19 (n=126) | e2e p50 nan | load 7.9s
laya-typed-decisions ordinary-fixed cpu_ne L128 q1: fwd p50 9.73 p95 9.78 (n=300) | e2e p50 nan | load 8.1s
laya-typed-decisions ordinary-fixed cpu_ne L128 q4: fwd p50 38.85 p95 39.00 (n=103) | e2e p50 nan | load 8.1s
laya-typed-decisions ordinary-fixed cpu_ne L256 q1: fwd p50 23.43 p95 23.50 (n=171) | e2e p50 nan | load 9.3s
laya-typed-decisions ordinary-fixed cpu_ne L256 q4: fwd p50 93.66 p95 93.83 (n=50) | e2e p50 nan | load 9.3s
laya-typed-decisions ordinary-fixed cpu_ne L512 q1: fwd p50 65.03 p95 65.14 (n=62) | e2e p50 nan | load 9.6s
laya-typed-decisions ordinary-fixed cpu_ne L512 q4: fwd p50 260.17 p95 260.44 (n=50) | e2e p50 nan | load 9.6s
laya-typed-decisions ordinary-fixed cpu_ne L1024 q1: fwd p50 2182.64 p95 2189.66 (n=50) | e2e p50 nan | load 43.8s
laya-typed-decisions ordinary-fixed cpu_ne L1024 q4: fwd p50 8756.80 p95 8770.14 (n=50) | e2e p50 nan | load 43.8s
E5RT encountered an STL exception. msg = MILCompilerForANE error: failed to compile ANE model using ANEF. Error=_ANECompiler : ANECCompile() FAILED.
laya-multilingual ordinary-fixed cpu_ne L64 q1: fwd p50 3.01 p95 3.10 (n=300) | e2e p50 nan | load 7.2s
laya-multilingual ordinary-fixed cpu_ne L64 q4: fwd p50 12.04 p95 12.27 (n=300) | e2e p50 nan | load 7.2s
laya-multilingual ordinary-fixed cpu_ne L96 q1: fwd p50 3.39 p95 3.44 (n=300) | e2e p50 nan | load 5.9s
laya-multilingual ordinary-fixed cpu_ne L96 q4: fwd p50 13.54 p95 13.62 (n=296) | e2e p50 nan | load 5.9s
laya-multilingual ordinary-fixed cpu_ne L128 q1: fwd p50 4.03 p95 4.21 (n=300) | e2e p50 nan | load 6.0s
laya-multilingual ordinary-fixed cpu_ne L128 q4: fwd p50 16.23 p95 16.58 (n=247) | e2e p50 nan | load 6.0s
laya-multilingual ordinary-fixed cpu_ne L256 q1: fwd p50 9.97 p95 10.01 (n=300) | e2e p50 nan | load 6.7s
laya-multilingual ordinary-fixed cpu_ne L256 q4: fwd p50 39.84 p95 39.95 (n=101) | e2e p50 nan | load 6.7s
laya-multilingual ordinary-fixed cpu_ne L512 q1: fwd p50 30.05 p95 30.12 (n=134) | e2e p50 nan | load 7.1s
laya-multilingual ordinary-fixed cpu_ne L512 q4: fwd p50 120.18 p95 120.33 (n=50) | e2e p50 nan | load 7.1s
laya-multilingual ordinary-fixed cpu_ne L1024 q1: fwd p50 89.90 p95 90.14 (n=50) | e2e p50 nan | load 7.7s
laya-multilingual ordinary-fixed cpu_ne L1024 q4: fwd p50 359.60 p95 360.45 (n=50) | e2e p50 nan | load 7.7s
laya ordinary-fixed cpu_ne L64 q1: fwd p50 7.39 p95 7.48 (n=300) | e2e p50 nan | load 8.8s
laya ordinary-fixed cpu_ne L64 q4: fwd p50 29.48 p95 29.65 (n=136) | e2e p50 nan | load 8.8s
laya ordinary-fixed cpu_ne L96 q1: fwd p50 7.91 p95 8.00 (n=300) | e2e p50 nan | load 7.9s
laya ordinary-fixed cpu_ne L96 q4: fwd p50 31.61 p95 32.01 (n=127) | e2e p50 nan | load 7.9s
laya ordinary-fixed cpu_ne L128 q1: fwd p50 9.72 p95 9.80 (n=300) | e2e p50 nan | load 8.1s
laya ordinary-fixed cpu_ne L128 q4: fwd p50 38.85 p95 38.96 (n=103) | e2e p50 nan | load 8.1s
laya ordinary-fixed cpu_ne L256 q1: fwd p50 23.38 p95 23.49 (n=172) | e2e p50 nan | load 9.3s
laya ordinary-fixed cpu_ne L256 q4: fwd p50 93.62 p95 93.78 (n=50) | e2e p50 nan | load 9.3s
laya ordinary-fixed cpu_ne L512 q1: fwd p50 65.07 p95 65.19 (n=62) | e2e p50 nan | load 9.6s
laya ordinary-fixed cpu_ne L512 q4: fwd p50 259.85 p95 260.66 (n=50) | e2e p50 nan | load 9.6s
laya-typed-decisions ordinary-fixed cpu_gpu L64 q1: fwd p50 8.52 p95 8.61 (n=300) | e2e p50 nan | load 4.2s
laya-typed-decisions ordinary-fixed cpu_gpu L64 q4: fwd p50 34.11 p95 34.31 (n=118) | e2e p50 nan | load 4.2s
laya-typed-decisions ordinary-fixed cpu_gpu L96 q1: fwd p50 10.69 p95 10.78 (n=300) | e2e p50 nan | load 3.1s
laya-typed-decisions ordinary-fixed cpu_gpu L96 q4: fwd p50 42.61 p95 42.93 (n=94) | e2e p50 nan | load 3.1s
laya-typed-decisions ordinary-fixed cpu_gpu L128 q1: fwd p50 12.65 p95 12.74 (n=300) | e2e p50 nan | load 3.0s
laya-typed-decisions ordinary-fixed cpu_gpu L128 q4: fwd p50 50.56 p95 50.75 (n=80) | e2e p50 nan | load 3.0s
laya-typed-decisions ordinary-fixed cpu_gpu L256 q1: fwd p50 20.05 p95 20.15 (n=200) | e2e p50 nan | load 3.0s
laya-typed-decisions ordinary-fixed cpu_gpu L256 q4: fwd p50 80.19 p95 80.40 (n=50) | e2e p50 nan | load 3.0s
laya-typed-decisions ordinary-fixed cpu_gpu L512 q1: fwd p50 36.19 p95 36.29 (n=111) | e2e p50 nan | load 3.1s
laya-typed-decisions ordinary-fixed cpu_gpu L512 q4: fwd p50 144.83 p95 145.10 (n=50) | e2e p50 nan | load 3.1s
laya-typed-decisions ordinary-fixed cpu_gpu L1024 q1: fwd p50 71.06 p95 71.24 (n=57) | e2e p50 nan | load 3.1s
laya-typed-decisions ordinary-fixed cpu_gpu L1024 q4: fwd p50 284.23 p95 284.56 (n=50) | e2e p50 nan | load 3.1s
laya-multilingual ordinary-fixed cpu_gpu L64 q1: fwd p50 4.84 p95 5.53 (n=300) | e2e p50 nan | load 3.7s
laya-multilingual ordinary-fixed cpu_gpu L64 q4: fwd p50 20.02 p95 20.63 (n=200) | e2e p50 nan | load 3.7s
laya-multilingual ordinary-fixed cpu_gpu L96 q1: fwd p50 5.32 p95 5.44 (n=300) | e2e p50 nan | load 2.6s
laya-multilingual ordinary-fixed cpu_gpu L96 q4: fwd p50 20.98 p95 21.44 (n=191) | e2e p50 nan | load 2.6s
laya-multilingual ordinary-fixed cpu_gpu L128 q1: fwd p50 5.98 p95 6.05 (n=300) | e2e p50 nan | load 2.6s
laya-multilingual ordinary-fixed cpu_gpu L128 q4: fwd p50 23.93 p95 24.09 (n=168) | e2e p50 nan | load 2.6s
laya-multilingual ordinary-fixed cpu_gpu L256 q1: fwd p50 9.23 p95 9.32 (n=300) | e2e p50 nan | load 2.6s
laya-multilingual ordinary-fixed cpu_gpu L256 q4: fwd p50 36.91 p95 37.10 (n=109) | e2e p50 nan | load 2.6s
laya-multilingual ordinary-fixed cpu_gpu L512 q1: fwd p50 14.96 p95 15.06 (n=268) | e2e p50 nan | load 2.6s
laya-multilingual ordinary-fixed cpu_gpu L512 q4: fwd p50 59.92 p95 60.07 (n=67) | e2e p50 nan | load 2.6s
laya-multilingual ordinary-fixed cpu_gpu L1024 q1: fwd p50 29.15 p95 29.31 (n=138) | e2e p50 nan | load 2.8s
laya-multilingual ordinary-fixed cpu_gpu L1024 q4: fwd p50 116.66 p95 116.94 (n=50) | e2e p50 nan | load 2.8s
laya ordinary-fixed cpu_gpu L64 q1: fwd p50 8.51 p95 8.63 (n=300) | e2e p50 nan | load 4.1s
laya ordinary-fixed cpu_gpu L64 q4: fwd p50 33.72 p95 34.28 (n=119) | e2e p50 nan | load 4.1s
laya ordinary-fixed cpu_gpu L96 q1: fwd p50 10.73 p95 10.83 (n=300) | e2e p50 nan | load 3.1s
laya ordinary-fixed cpu_gpu L96 q4: fwd p50 42.88 p95 43.06 (n=94) | e2e p50 nan | load 3.1s
laya ordinary-fixed cpu_gpu L128 q1: fwd p50 12.60 p95 12.71 (n=300) | e2e p50 nan | load 3.0s
laya ordinary-fixed cpu_gpu L128 q4: fwd p50 50.29 p95 50.54 (n=80) | e2e p50 nan | load 3.0s
laya ordinary-fixed cpu_gpu L256 q1: fwd p50 20.08 p95 20.13 (n=200) | e2e p50 nan | load 2.9s
laya ordinary-fixed cpu_gpu L256 q4: fwd p50 80.25 p95 80.44 (n=50) | e2e p50 nan | load 2.9s
laya ordinary-fixed cpu_gpu L512 q1: fwd p50 36.19 p95 36.31 (n=111) | e2e p50 nan | load 3.0s
laya ordinary-fixed cpu_gpu L512 q4: fwd p50 144.76 p95 144.96 (n=50) | e2e p50 nan | load 3.0s
laya-typed-decisions torch mps L64 q1: fwd p50 21.70 p95 22.37 (n=184) | e2e p50 21.81 | load 6.1s
laya-typed-decisions torch mps L64 q4: fwd p50 26.84 p95 27.10 (n=149) | e2e p50 27.34 | load 6.1s
laya-typed-decisions torch mps L64 q8: fwd p50 45.00 p95 45.23 (n=89) | e2e p50 45.81 | load 6.1s
laya-typed-decisions torch mps L96 q1: fwd p50 22.23 p95 22.76 (n=181) | e2e p50 22.38 | load 6.1s
laya-typed-decisions torch mps L96 q4: fwd p50 36.53 p95 36.68 (n=110) | e2e p50 37.18 | load 6.1s
laya-typed-decisions torch mps L96 q8: fwd p50 61.72 p95 62.01 (n=65) | e2e p50 62.73 | load 6.1s
laya-typed-decisions torch mps L128 q1: fwd p50 21.79 p95 22.49 (n=185) | e2e p50 22.45 | load 6.1s
laya-typed-decisions torch mps L128 q4: fwd p50 46.15 p95 46.32 (n=87) | e2e p50 46.85 | load 6.1s
laya-typed-decisions torch mps L128 q8: fwd p50 82.02 p95 82.32 (n=50) | e2e p50 83.24 | load 6.1s
laya-typed-decisions torch mps L256 q1: fwd p50 27.00 p95 27.28 (n=149) | e2e p50 27.33 | load 6.1s
laya-typed-decisions torch mps L256 q4: fwd p50 85.31 p95 85.54 (n=50) | e2e p50 86.33 | load 6.1s
laya-typed-decisions torch mps L256 q8: fwd p50 161.20 p95 161.53 (n=50) | e2e p50 162.84 | load 6.1s
laya-typed-decisions torch mps L512 q1: fwd p50 49.78 p95 50.08 (n=81) | e2e p50 50.29 | load 6.1s
laya-typed-decisions torch mps L512 q4: fwd p50 175.98 p95 176.33 (n=50) | e2e p50 177.82 | load 6.1s
laya-typed-decisions torch mps L512 q8: fwd p50 350.53 p95 350.87 (n=50) | e2e p50 354.78 | load 6.1s
laya-typed-decisions torch mps L1024 q1: fwd p50 107.81 p95 108.13 (n=50) | e2e p50 108.75 | load 6.1s
laya-typed-decisions torch mps L1024 q4: fwd p50 411.87 p95 412.50 (n=50) | e2e p50 415.53 | load 6.1s
laya-typed-decisions torch mps L1024 q8: fwd p50 835.08 p95 836.03 (n=50) | e2e p50 842.44 | load 6.1s
laya-multilingual torch mps L64 q1: fwd p50 17.58 p95 18.64 (n=227) | e2e p50 17.65 | load 6.7s
laya-multilingual torch mps L64 q4: fwd p50 19.43 p95 19.88 (n=207) | e2e p50 19.79 | load 6.7s
laya-multilingual torch mps L64 q8: fwd p50 20.22 p95 20.79 (n=198) | e2e p50 20.92 | load 6.7s
laya-multilingual torch mps L96 q1: fwd p50 18.36 p95 18.85 (n=218) | e2e p50 18.37 | load 6.7s
laya-multilingual torch mps L96 q4: fwd p50 19.59 p95 20.23 (n=205) | e2e p50 20.00 | load 6.7s
laya-multilingual torch mps L96 q8: fwd p50 27.74 p95 28.06 (n=145) | e2e p50 28.67 | load 6.7s
laya-multilingual torch mps L128 q1: fwd p50 18.28 p95 18.95 (n=219) | e2e p50 18.52 | load 6.7s
laya-multilingual torch mps L128 q4: fwd p50 20.89 p95 21.14 (n=192) | e2e p50 21.36 | load 6.7s
laya-multilingual torch mps L128 q8: fwd p50 33.98 p95 34.28 (n=118) | e2e p50 34.88 | load 6.7s
laya-multilingual torch mps L256 q1: fwd p50 18.57 p95 19.16 (n=216) | e2e p50 18.81 | load 6.7s
laya-multilingual torch mps L256 q4: fwd p50 36.05 p95 36.31 (n=111) | e2e p50 36.74 | load 6.7s
laya-multilingual torch mps L256 q8: fwd p50 66.14 p95 66.45 (n=61) | e2e p50 67.29 | load 6.7s
laya-multilingual torch mps L512 q1: fwd p50 23.07 p95 23.31 (n=174) | e2e p50 23.40 | load 6.7s
laya-multilingual torch mps L512 q4: fwd p50 75.27 p95 75.59 (n=54) | e2e p50 76.42 | load 6.7s
laya-multilingual torch mps L512 q8: fwd p50 146.78 p95 147.00 (n=50) | e2e p50 148.99 | load 6.7s
laya-multilingual torch mps L1024 q1: fwd p50 48.76 p95 48.96 (n=83) | e2e p50 49.37 | load 6.7s
laya-multilingual torch mps L1024 q4: fwd p50 183.10 p95 183.30 (n=50) | e2e p50 185.02 | load 6.7s
laya-multilingual torch mps L1024 q8: fwd p50 370.11 p95 370.51 (n=50) | e2e p50 374.85 | load 6.7s
laya torch mps L64 q1: fwd p50 21.66 p95 22.12 (n=185) | e2e p50 21.96 | load 6.2s
laya torch mps L64 q4: fwd p50 26.87 p95 27.23 (n=149) | e2e p50 27.30 | load 6.2s
laya torch mps L64 q8: fwd p50 45.01 p95 45.33 (n=89) | e2e p50 45.81 | load 6.2s
laya torch mps L96 q1: fwd p50 22.30 p95 22.89 (n=180) | e2e p50 22.38 | load 6.2s
laya torch mps L96 q4: fwd p50 36.51 p95 36.73 (n=110) | e2e p50 37.16 | load 6.2s
laya torch mps L96 q8: fwd p50 61.68 p95 61.87 (n=65) | e2e p50 62.73 | load 6.2s
laya torch mps L128 q1: fwd p50 21.95 p95 22.86 (n=184) | e2e p50 22.14 | load 6.2s
laya torch mps L128 q4: fwd p50 46.20 p95 46.36 (n=87) | e2e p50 46.87 | load 6.2s
laya torch mps L128 q8: fwd p50 82.01 p95 82.35 (n=50) | e2e p50 83.35 | load 6.2s
laya torch mps L256 q1: fwd p50 26.99 p95 27.23 (n=149) | e2e p50 27.32 | load 6.2s
laya torch mps L256 q4: fwd p50 85.36 p95 85.57 (n=50) | e2e p50 86.34 | load 6.2s
laya torch mps L256 q8: fwd p50 161.24 p95 161.48 (n=50) | e2e p50 162.95 | load 6.2s
laya torch mps L512 q1: fwd p50 49.80 p95 49.98 (n=81) | e2e p50 50.28 | load 6.2s
laya torch mps L512 q4: fwd p50 175.94 p95 176.33 (n=50) | e2e p50 177.68 | load 6.2s
laya torch mps L512 q8: fwd p50 349.84 p95 350.24 (n=50) | e2e p50 353.78 | load 6.2s
laya-typed-decisions mlx float32 L64 q1: fwd p50 11.00 p95 11.13 (n=300) | e2e p50 nan | load 0.1s
laya-typed-decisions mlx float32 L96 q1: fwd p50 13.09 p95 13.17 (n=300) | e2e p50 nan | load 0.1s
laya-typed-decisions mlx float32 L128 q1: fwd p50 13.74 p95 13.81 (n=292) | e2e p50 nan | load 0.1s
laya-typed-decisions mlx float32 L256 q1: fwd p50 21.75 p95 21.84 (n=185) | e2e p50 nan | load 0.1s
laya-typed-decisions mlx float32 L512 q1: fwd p50 40.43 p95 40.53 (n=99) | e2e p50 nan | load 0.1s
laya-typed-decisions mlx float32 L1024 q1: fwd p50 82.95 p95 83.04 (n=50) | e2e p50 nan | load 0.1s
laya-multilingual mlx float32 L64 q1: fwd p50 6.19 p95 6.34 (n=300) | e2e p50 nan | load 0.4s
laya-multilingual mlx float32 L96 q1: fwd p50 6.87 p95 6.95 (n=300) | e2e p50 nan | load 0.4s
laya-multilingual mlx float32 L128 q1: fwd p50 7.04 p95 7.10 (n=300) | e2e p50 nan | load 0.4s
laya-multilingual mlx float32 L256 q1: fwd p50 9.51 p95 9.58 (n=300) | e2e p50 nan | load 0.4s
laya-multilingual mlx float32 L512 q1: fwd p50 17.23 p95 17.34 (n=233) | e2e p50 nan | load 0.4s
laya-multilingual mlx float32 L1024 q1: fwd p50 34.20 p95 34.40 (n=117) | e2e p50 nan | load 0.4s
laya mlx float32 L64 q1: fwd p50 10.96 p95 11.15 (n=300) | e2e p50 nan | load 0.1s
laya mlx float32 L96 q1: fwd p50 13.08 p95 13.16 (n=300) | e2e p50 nan | load 0.1s
laya mlx float32 L128 q1: fwd p50 13.73 p95 13.80 (n=292) | e2e p50 nan | load 0.1s
laya mlx float32 L256 q1: fwd p50 21.73 p95 21.81 (n=185) | e2e p50 nan | load 0.1s
laya mlx float32 L512 q1: fwd p50 40.43 p95 40.50 (n=100) | e2e p50 nan | load 0.1s
laya-typed-decisions ane-bc1s-masked all L64 q1: fwd p50 8.11 p95 8.17 (n=300) | e2e p50 nan | load 41.7s
laya-typed-decisions ane-bc1s-masked all L96 q1: fwd p50 9.00 p95 9.07 (n=300) | e2e p50 nan | load 40.5s
laya-typed-decisions ane-bc1s-masked all L128 q1: fwd p50 9.88 p95 9.91 (n=300) | e2e p50 nan | load 40.6s
laya-typed-decisions ane-bc1s-masked all L256 q1: fwd p50 20.08 p95 20.12 (n=200) | e2e p50 nan | load 45.1s
laya-typed-decisions ane-bc1s-masked all L512 q1: fwd p50 54.24 p95 54.47 (n=74) | e2e p50 nan | load 13.5s
laya-typed-decisions ane-bc1s-masked all L1024 q1: fwd p50 114.00 p95 114.23 (n=50) | e2e p50 nan | load 13.6s
laya-multilingual ane-bc1s-masked all L64 q1: fwd p50 3.39 p95 3.41 (n=300) | e2e p50 nan | load 20.0s
laya-multilingual ane-bc1s-masked all L96 q1: fwd p50 3.91 p95 3.97 (n=300) | e2e p50 nan | load 19.2s
laya-multilingual ane-bc1s-masked all L128 q1: fwd p50 4.32 p95 4.34 (n=300) | e2e p50 nan | load 19.2s
laya-multilingual ane-bc1s-masked all L256 q1: fwd p50 8.35 p95 8.39 (n=300) | e2e p50 nan | load 21.7s
laya-multilingual ane-bc1s-masked all L512 q1: fwd p50 25.42 p95 25.59 (n=158) | e2e p50 nan | load 5.7s
laya-multilingual ane-bc1s-masked all L1024 q1: fwd p50 49.63 p95 49.77 (n=81) | e2e p50 nan | load 5.8s
laya ane-bc1s-masked all L64 q1: fwd p50 8.08 p95 8.10 (n=300) | e2e p50 nan | load 39.4s
laya ane-bc1s-masked all L96 q1: fwd p50 9.00 p95 9.08 (n=300) | e2e p50 nan | load 40.5s
laya ane-bc1s-masked all L128 q1: fwd p50 9.93 p95 9.97 (n=300) | e2e p50 nan | load 39.4s
laya ane-bc1s-masked all L256 q1: fwd p50 20.07 p95 20.12 (n=200) | e2e p50 nan | load 44.5s
laya ane-bc1s-masked all L512 q1: fwd p50 54.20 p95 54.42 (n=74) | e2e p50 nan | load 13.5s
laya-typed-decisions ane-bc1s-masked cpu_gpu L64 q1: fwd p50 25.36 p95 25.97 (n=158) | e2e p50 nan | load 8.8s
laya-typed-decisions ane-bc1s-masked cpu_gpu L96 q1: fwd p50 25.54 p95 25.93 (n=157) | e2e p50 nan | load 7.4s
laya-typed-decisions ane-bc1s-masked cpu_gpu L128 q1: fwd p50 25.96 p95 26.42 (n=154) | e2e p50 nan | load 7.4s
laya-typed-decisions ane-bc1s-masked cpu_gpu L256 q1: fwd p50 32.42 p95 32.59 (n=124) | e2e p50 nan | load 7.6s
laya-typed-decisions ane-bc1s-masked cpu_gpu L512 q1: fwd p50 53.17 p95 53.30 (n=76) | e2e p50 nan | load 7.6s
laya-typed-decisions ane-bc1s-masked cpu_gpu L1024 q1: fwd p50 99.26 p95 99.42 (n=50) | e2e p50 nan | load 7.7s
laya-multilingual ane-bc1s-masked cpu_gpu L64 q1: fwd p50 15.16 p95 15.54 (n=264) | e2e p50 nan | load 4.8s
laya-multilingual ane-bc1s-masked cpu_gpu L96 q1: fwd p50 15.22 p95 15.53 (n=263) | e2e p50 nan | load 3.4s
laya-multilingual ane-bc1s-masked cpu_gpu L128 q1: fwd p50 15.40 p95 15.76 (n=260) | e2e p50 nan | load 3.4s
laya-multilingual ane-bc1s-masked cpu_gpu L256 q1: fwd p50 16.30 p95 16.48 (n=245) | e2e p50 nan | load 3.4s
laya-multilingual ane-bc1s-masked cpu_gpu L512 q1: fwd p50 25.45 p95 25.52 (n=158) | e2e p50 nan | load 3.4s
laya-multilingual ane-bc1s-masked cpu_gpu L1024 q1: fwd p50 49.11 p95 49.29 (n=82) | e2e p50 nan | load 3.5s
laya ane-bc1s-masked cpu_gpu L64 q1: fwd p50 26.01 p95 26.56 (n=154) | e2e p50 nan | load 8.9s
laya ane-bc1s-masked cpu_gpu L96 q1: fwd p50 25.95 p95 26.55 (n=154) | e2e p50 nan | load 7.5s
laya ane-bc1s-masked cpu_gpu L128 q1: fwd p50 26.05 p95 26.38 (n=154) | e2e p50 nan | load 7.5s
laya ane-bc1s-masked cpu_gpu L256 q1: fwd p50 32.46 p95 32.59 (n=124) | e2e p50 nan | load 8.7s
laya ane-bc1s-masked cpu_gpu L512 q1: fwd p50 53.15 p95 53.29 (n=76) | e2e p50 nan | load 7.7s
laya-typed-decisions ordinary-fixed all L64 q1: fwd p50 8.23 p95 8.42 (n=300) | e2e p50 nan | load 8.8s
laya-typed-decisions ordinary-fixed all L96 q1: fwd p50 8.64 p95 8.76 (n=300) | e2e p50 nan | load 8.1s
laya-typed-decisions ordinary-fixed all L128 q1: fwd p50 10.63 p95 10.80 (n=300) | e2e p50 nan | load 8.3s
laya-typed-decisions ordinary-fixed all L256 q1: fwd p50 27.74 p95 28.05 (n=145) | e2e p50 nan | load 40.6s
laya-typed-decisions ordinary-fixed all L512 q1: fwd p50 45.96 p95 46.26 (n=88) | e2e p50 nan | load 42.9s
laya-typed-decisions ordinary-fixed all L1024 q1: fwd p50 86.36 p95 86.62 (n=50) | e2e p50 nan | load 45.3s
E5RT encountered an STL exception. msg = MILCompilerForANE error: failed to compile ANE model using ANEF. Error=_ANECompiler : ANECCompile() FAILED.E5RT encountered an STL exception. msg = MILCompilerForANE error: failed to compile ANE model using ANEF. Error=_ANECompiler : ANECCompile() FAILED.E5RT encountered an STL exception. msg = MILCompilerForANE error: failed to compile ANE model using ANEF. Error=_ANECompiler : ANECCompile() FAILED.
laya-multilingual ordinary-fixed all L64 q1: fwd p50 3.86 p95 4.05 (n=300) | e2e p50 nan | load 7.0s
laya-multilingual ordinary-fixed all L96 q1: fwd p50 4.17 p95 4.22 (n=300) | e2e p50 nan | load 5.7s
laya-multilingual ordinary-fixed all L128 q1: fwd p50 10.23 p95 10.45 (n=300) | e2e p50 nan | load 23.9s
laya-multilingual ordinary-fixed all L256 q1: fwd p50 13.51 p95 13.70 (n=297) | e2e p50 nan | load 24.6s
laya-multilingual ordinary-fixed all L512 q1: fwd p50 21.65 p95 21.89 (n=185) | e2e p50 nan | load 25.4s
laya-multilingual ordinary-fixed all L1024 q1: fwd p50 40.39 p95 40.67 (n=99) | e2e p50 nan | load 28.0s
E5RT encountered an STL exception. msg = MILCompilerForANE error: failed to compile ANE model using ANEF. Error=_ANECompiler : ANECCompile() FAILED.E5RT encountered an STL exception. msg = MILCompilerForANE error: failed to compile ANE model using ANEF. Error=_ANECompiler : ANECCompile() FAILED.E5RT encountered an STL exception. msg = MILCompilerForANE error: failed to compile ANE model using ANEF. Error=_ANECompiler : ANECCompile() FAILED.E5RT encountered an STL exception. msg = MILCompilerForANE error: failed to compile ANE model using ANEF. Error=_ANECompiler : ANECCompile() FAILED.
laya ordinary-fixed all L64 q1: fwd p50 8.22 p95 8.40 (n=300) | e2e p50 nan | load 8.6s
laya ordinary-fixed all L96 q1: fwd p50 8.84 p95 9.00 (n=300) | e2e p50 nan | load 8.0s
laya ordinary-fixed all L128 q1: fwd p50 10.44 p95 10.54 (n=300) | e2e p50 nan | load 8.2s
laya ordinary-fixed all L256 q1: fwd p50 27.46 p95 27.97 (n=146) | e2e p50 nan | load 40.4s
laya ordinary-fixed all L512 q1: fwd p50 45.93 p95 46.19 (n=88) | e2e p50 nan | load 42.8s
E5RT encountered an STL exception. msg = MILCompilerForANE error: failed to compile ANE model using ANEF. Error=_ANECompiler : ANECCompile() FAILED.E5RT encountered an STL exception. msg = MILCompilerForANE error: failed to compile ANE model using ANEF. Error=_ANECompiler : ANECCompile() FAILED.
laya-typed-decisions ordinary-fixed cpu_only L64 q1: fwd p50 22.91 p95 23.09 (n=175) | e2e p50 nan | load 4.5s
laya-typed-decisions ordinary-fixed cpu_only L96 q1: fwd p50 30.80 p95 31.32 (n=130) | e2e p50 nan | load 3.4s
laya-typed-decisions ordinary-fixed cpu_only L128 q1: fwd p50 41.41 p95 41.82 (n=97) | e2e p50 nan | load 3.4s
laya-typed-decisions ordinary-fixed cpu_only L256 q1: fwd p50 101.09 p95 102.58 (n=50) | e2e p50 nan | load 3.5s
laya-typed-decisions ordinary-fixed cpu_only L512 q1: fwd p50 262.94 p95 265.15 (n=50) | e2e p50 nan | load 3.5s
laya-typed-decisions ordinary-fixed cpu_only L1024 q1: fwd p50 877.75 p95 882.24 (n=50) | e2e p50 nan | load 3.7s
laya-multilingual ordinary-fixed cpu_only L64 q1: fwd p50 11.03 p95 11.36 (n=300) | e2e p50 nan | load 4.0s
laya-multilingual ordinary-fixed cpu_only L96 q1: fwd p50 16.92 p95 17.13 (n=237) | e2e p50 nan | load 3.0s
laya-multilingual ordinary-fixed cpu_only L128 q1: fwd p50 21.74 p95 22.00 (n=184) | e2e p50 nan | load 2.9s
laya-multilingual ordinary-fixed cpu_only L256 q1: fwd p50 50.93 p95 51.87 (n=79) | e2e p50 nan | load 2.8s
laya-multilingual ordinary-fixed cpu_only L512 q1: fwd p50 140.69 p95 141.66 (n=50) | e2e p50 nan | load 3.0s
laya-multilingual ordinary-fixed cpu_only L1024 q1: fwd p50 500.18 p95 512.71 (n=50) | e2e p50 nan | load 3.2s
laya ordinary-fixed cpu_only L64 q1: fwd p50 22.92 p95 23.09 (n=175) | e2e p50 nan | load 4.4s
laya ordinary-fixed cpu_only L96 q1: fwd p50 30.84 p95 31.33 (n=130) | e2e p50 nan | load 3.4s
laya ordinary-fixed cpu_only L128 q1: fwd p50 41.51 p95 41.96 (n=97) | e2e p50 nan | load 3.3s
laya ordinary-fixed cpu_only L256 q1: fwd p50 100.95 p95 103.07 (n=50) | e2e p50 nan | load 3.5s
laya ordinary-fixed cpu_only L512 q1: fwd p50 263.32 p95 265.50 (n=50) | e2e p50 nan | load 3.5s
laya-typed-decisions ane-bc1s-masked cpu_only L64 q1: fwd p50 16.38 p95 16.58 (n=245) | e2e p50 nan | load 8.0s
laya-typed-decisions ane-bc1s-masked cpu_only L96 q1: fwd p50 24.98 p95 25.12 (n=161) | e2e p50 nan | load 6.2s
laya-typed-decisions ane-bc1s-masked cpu_only L128 q1: fwd p50 27.13 p95 27.30 (n=148) | e2e p50 nan | load 6.3s
laya-typed-decisions ane-bc1s-masked cpu_only L256 q1: fwd p50 53.90 p95 55.38 (n=75) | e2e p50 nan | load 6.3s
laya-typed-decisions ane-bc1s-masked cpu_only L512 q1: fwd p50 109.78 p95 112.03 (n=50) | e2e p50 nan | load 6.3s
laya-typed-decisions ane-bc1s-masked cpu_only L1024 q1: fwd p50 275.18 p95 280.91 (n=50) | e2e p50 nan | load 6.5s
laya-multilingual ane-bc1s-masked cpu_only L64 q1: fwd p50 7.93 p95 8.01 (n=300) | e2e p50 nan | load 4.6s
laya-multilingual ane-bc1s-masked cpu_only L96 q1: fwd p50 11.58 p95 11.77 (n=300) | e2e p50 nan | load 2.9s
laya-multilingual ane-bc1s-masked cpu_only L128 q1: fwd p50 12.92 p95 13.02 (n=300) | e2e p50 nan | load 2.9s
laya-multilingual ane-bc1s-masked cpu_only L256 q1: fwd p50 25.35 p95 25.48 (n=158) | e2e p50 nan | load 2.9s
laya-multilingual ane-bc1s-masked cpu_only L512 q1: fwd p50 50.50 p95 50.87 (n=80) | e2e p50 nan | load 2.9s
laya-multilingual ane-bc1s-masked cpu_only L1024 q1: fwd p50 148.51 p95 152.13 (n=50) | e2e p50 nan | load 2.9s
laya ane-bc1s-masked cpu_only L64 q1: fwd p50 16.20 p95 16.43 (n=247) | e2e p50 nan | load 8.2s
laya ane-bc1s-masked cpu_only L96 q1: fwd p50 24.92 p95 25.24 (n=161) | e2e p50 nan | load 6.3s
laya ane-bc1s-masked cpu_only L128 q1: fwd p50 27.01 p95 27.23 (n=148) | e2e p50 nan | load 6.2s
laya ane-bc1s-masked cpu_only L256 q1: fwd p50 54.13 p95 55.07 (n=74) | e2e p50 nan | load 6.3s
laya ane-bc1s-masked cpu_only L512 q1: fwd p50 109.60 p95 111.20 (n=50) | e2e p50 nan | load 6.3s
laya-typed-decisions torch cpu L64 q1: fwd p50 52.64 p95 52.88 (n=76) | e2e p50 nan | load 5.8s
laya-typed-decisions torch cpu L96 q1: fwd p50 63.55 p95 63.77 (n=63) | e2e p50 nan | load 5.8s
laya-typed-decisions torch cpu L128 q1: fwd p50 73.47 p95 73.65 (n=55) | e2e p50 nan | load 5.8s
laya-typed-decisions torch cpu L256 q1: fwd p50 114.16 p95 115.46 (n=50) | e2e p50 nan | load 5.8s
laya-typed-decisions torch cpu L512 q1: fwd p50 205.13 p95 206.09 (n=50) | e2e p50 nan | load 5.8s
laya-typed-decisions torch cpu L1024 q1: fwd p50 431.17 p95 436.63 (n=50) | e2e p50 nan | load 5.8s
laya-multilingual torch cpu L64 q1: fwd p50 26.81 p95 27.08 (n=150) | e2e p50 nan | load 6.2s
laya-multilingual torch cpu L96 q1: fwd p50 35.08 p95 35.64 (n=114) | e2e p50 nan | load 6.2s
laya-multilingual torch cpu L128 q1: fwd p50 36.56 p95 37.00 (n=110) | e2e p50 nan | load 6.2s
laya-multilingual torch cpu L256 q1: fwd p50 52.58 p95 53.29 (n=76) | e2e p50 nan | load 6.2s
laya-multilingual torch cpu L512 q1: fwd p50 90.28 p95 91.67 (n=50) | e2e p50 nan | load 6.2s
laya-multilingual torch cpu L1024 q1: fwd p50 190.79 p95 193.38 (n=50) | e2e p50 nan | load 6.2s
laya torch cpu L64 q1: fwd p50 53.06 p95 54.14 (n=76) | e2e p50 nan | load 5.7s
laya torch cpu L96 q1: fwd p50 63.55 p95 64.21 (n=63) | e2e p50 nan | load 5.7s
laya torch cpu L128 q1: fwd p50 73.49 p95 73.83 (n=55) | e2e p50 nan | load 5.7s
laya torch cpu L256 q1: fwd p50 114.07 p95 114.76 (n=50) | e2e p50 nan | load 5.7s
laya torch cpu L512 q1: fwd p50 203.93 p95 204.71 (n=50) | e2e p50 nan | load 5.7s
laya-typed-decisions torch mps L64 q1: fwd p50 21.23 p95 21.85 (n=188) | e2e p50 nan | load 6.0s
laya-typed-decisions torch mps L96 q1: fwd p50 21.56 p95 22.99 (n=185) | e2e p50 nan | load 6.0s
laya-typed-decisions torch mps L128 q1: fwd p50 21.45 p95 21.95 (n=187) | e2e p50 nan | load 6.0s
laya-typed-decisions torch mps L256 q1: fwd p50 26.95 p95 27.23 (n=149) | e2e p50 nan | load 6.0s
laya-typed-decisions torch mps L512 q1: fwd p50 49.66 p95 50.15 (n=81) | e2e p50 nan | load 6.0s
laya-typed-decisions torch mps L1024 q1: fwd p50 107.07 p95 107.29 (n=50) | e2e p50 nan | load 6.0s
laya-multilingual torch mps L64 q1: fwd p50 16.71 p95 17.08 (n=240) | e2e p50 nan | load 6.4s
laya-multilingual torch mps L96 q1: fwd p50 17.64 p95 18.25 (n=227) | e2e p50 nan | load 6.4s
laya-multilingual torch mps L128 q1: fwd p50 17.53 p95 18.01 (n=228) | e2e p50 nan | load 6.4s
laya-multilingual torch mps L256 q1: fwd p50 17.95 p95 18.37 (n=224) | e2e p50 nan | load 6.4s
laya-multilingual torch mps L512 q1: fwd p50 22.97 p95 23.19 (n=175) | e2e p50 nan | load 6.4s
laya-multilingual torch mps L1024 q1: fwd p50 48.57 p95 48.73 (n=83) | e2e p50 nan | load 6.4s
laya torch mps L64 q1: fwd p50 21.40 p95 21.74 (n=188) | e2e p50 nan | load 5.9s
laya torch mps L96 q1: fwd p50 21.41 p95 21.79 (n=188) | e2e p50 nan | load 5.9s
laya torch mps L128 q1: fwd p50 21.38 p95 22.40 (n=188) | e2e p50 nan | load 5.9s
laya torch mps L256 q1: fwd p50 26.98 p95 27.29 (n=149) | e2e p50 nan | load 5.9s
laya torch mps L512 q1: fwd p50 49.84 p95 50.05 (n=81) | e2e p50 nan | load 5.9s
laya-typed-decisions ordinary-fixed cpu_gpu L64 q1: fwd p50 8.53 p95 8.63 (n=300) | e2e p50 nan | load 4.1s
laya-typed-decisions ordinary-fixed cpu_gpu L96 q1: fwd p50 10.70 p95 10.79 (n=300) | e2e p50 nan | load 3.1s
laya-typed-decisions ordinary-fixed cpu_gpu L128 q1: fwd p50 12.64 p95 12.74 (n=300) | e2e p50 nan | load 3.4s
laya-typed-decisions ordinary-fixed cpu_gpu L256 q1: fwd p50 20.08 p95 20.16 (n=200) | e2e p50 nan | load 3.0s
laya-typed-decisions ordinary-fixed cpu_gpu L512 q1: fwd p50 36.20 p95 36.33 (n=111) | e2e p50 nan | load 3.0s
laya-typed-decisions ordinary-fixed cpu_gpu L1024 q1: fwd p50 71.04 p95 71.19 (n=57) | e2e p50 nan | load 3.2s
laya-multilingual ordinary-fixed cpu_gpu L64 q1: fwd p50 4.74 p95 4.88 (n=300) | e2e p50 nan | load 3.8s
laya-multilingual ordinary-fixed cpu_gpu L96 q1: fwd p50 5.35 p95 5.43 (n=300) | e2e p50 nan | load 2.6s
laya-multilingual ordinary-fixed cpu_gpu L128 q1: fwd p50 6.05 p95 6.43 (n=300) | e2e p50 nan | load 2.6s
laya-multilingual ordinary-fixed cpu_gpu L256 q1: fwd p50 9.23 p95 9.31 (n=300) | e2e p50 nan | load 2.6s
laya-multilingual ordinary-fixed cpu_gpu L512 q1: fwd p50 14.99 p95 15.06 (n=268) | e2e p50 nan | load 2.6s
laya-multilingual ordinary-fixed cpu_gpu L1024 q1: fwd p50 29.16 p95 29.27 (n=138) | e2e p50 nan | load 2.8s
laya ordinary-fixed cpu_gpu L64 q1: fwd p50 8.51 p95 8.58 (n=300) | e2e p50 nan | load 4.2s
laya ordinary-fixed cpu_gpu L96 q1: fwd p50 10.71 p95 10.81 (n=300) | e2e p50 nan | load 3.1s
laya ordinary-fixed cpu_gpu L128 q1: fwd p50 12.59 p95 12.68 (n=300) | e2e p50 nan | load 3.1s
laya ordinary-fixed cpu_gpu L256 q1: fwd p50 19.90 p95 20.10 (n=201) | e2e p50 nan | load 3.1s
laya ordinary-fixed cpu_gpu L512 q1: fwd p50 36.19 p95 36.36 (n=111) | e2e p50 nan | load 3.0s
laya-typed-decisions ordinary-fixed cpu_ne L64 q1: fwd p50 7.39 p95 7.49 (n=300) | e2e p50 nan | load 8.9s
laya-typed-decisions ordinary-fixed cpu_ne L96 q1: fwd p50 7.91 p95 7.96 (n=300) | e2e p50 nan | load 8.2s
laya-typed-decisions ordinary-fixed cpu_ne L128 q1: fwd p50 9.81 p95 9.92 (n=300) | e2e p50 nan | load 8.3s
laya-typed-decisions ordinary-fixed cpu_ne L256 q1: fwd p50 23.34 p95 23.49 (n=172) | e2e p50 nan | load 9.6s
laya-typed-decisions ordinary-fixed cpu_ne L512 q1: fwd p50 65.05 p95 65.16 (n=62) | e2e p50 nan | load 10.0s
laya-typed-decisions ordinary-fixed cpu_ne L1024 q1: fwd p50 2215.54 p95 2223.85 (n=50) | e2e p50 nan | load 45.6s
E5RT encountered an STL exception. msg = MILCompilerForANE error: failed to compile ANE model using ANEF. Error=_ANECompiler : ANECCompile() FAILED.
laya-multilingual ordinary-fixed cpu_ne L64 q1: fwd p50 3.01 p95 3.05 (n=300) | e2e p50 nan | load 7.4s
laya-multilingual ordinary-fixed cpu_ne L96 q1: fwd p50 3.39 p95 3.42 (n=300) | e2e p50 nan | load 6.0s
laya-multilingual ordinary-fixed cpu_ne L128 q1: fwd p50 4.02 p95 4.19 (n=300) | e2e p50 nan | load 6.0s
laya-multilingual ordinary-fixed cpu_ne L256 q1: fwd p50 9.98 p95 10.04 (n=300) | e2e p50 nan | load 6.8s
laya-multilingual ordinary-fixed cpu_ne L512 q1: fwd p50 30.04 p95 30.12 (n=134) | e2e p50 nan | load 7.1s
laya-multilingual ordinary-fixed cpu_ne L1024 q1: fwd p50 89.95 p95 90.14 (n=50) | e2e p50 nan | load 7.8s
laya ordinary-fixed cpu_ne L64 q1: fwd p50 7.39 p95 7.47 (n=300) | e2e p50 nan | load 8.9s
laya ordinary-fixed cpu_ne L96 q1: fwd p50 7.91 p95 7.96 (n=300) | e2e p50 nan | load 8.0s
laya ordinary-fixed cpu_ne L128 q1: fwd p50 9.80 p95 9.92 (n=300) | e2e p50 nan | load 8.2s
laya ordinary-fixed cpu_ne L256 q1: fwd p50 23.41 p95 23.49 (n=171) | e2e p50 nan | load 9.4s
laya ordinary-fixed cpu_ne L512 q1: fwd p50 65.05 p95 65.10 (n=62) | e2e p50 nan | load 9.9s
laya-typed-decisions ane-bc1s-masked cpu_ne L64 q1: fwd p50 8.11 p95 8.19 (n=300) | e2e p50 nan | load 38.2s
laya-typed-decisions ane-bc1s-masked cpu_ne L96 q1: fwd p50 9.02 p95 9.08 (n=300) | e2e p50 nan | load 37.8s
laya-typed-decisions ane-bc1s-masked cpu_ne L128 q1: fwd p50 9.94 p95 10.00 (n=300) | e2e p50 nan | load 37.7s
laya-typed-decisions ane-bc1s-masked cpu_ne L256 q1: fwd p50 19.86 p95 20.10 (n=201) | e2e p50 nan | load 42.5s
laya-typed-decisions ane-bc1s-masked cpu_ne L512 q1: fwd p50 54.52 p95 54.62 (n=74) | e2e p50 nan | load 45.4s
laya-typed-decisions ane-bc1s-masked cpu_ne L1024 q1: fwd p50 169.77 p95 170.38 (n=50) | e2e p50 nan | load 45.8s
laya-multilingual ane-bc1s-masked cpu_ne L64 q1: fwd p50 3.42 p95 3.47 (n=300) | e2e p50 nan | load 19.5s
laya-multilingual ane-bc1s-masked cpu_ne L96 q1: fwd p50 3.86 p95 3.88 (n=300) | e2e p50 nan | load 18.7s
laya-multilingual ane-bc1s-masked cpu_ne L128 q1: fwd p50 4.36 p95 4.41 (n=300) | e2e p50 nan | load 18.7s
laya-multilingual ane-bc1s-masked cpu_ne L256 q1: fwd p50 8.36 p95 8.42 (n=300) | e2e p50 nan | load 21.1s
laya-multilingual ane-bc1s-masked cpu_ne L512 q1: fwd p50 22.68 p95 22.75 (n=177) | e2e p50 nan | load 22.9s
laya-multilingual ane-bc1s-masked cpu_ne L1024 q1: fwd p50 82.79 p95 83.08 (n=50) | e2e p50 nan | load 22.0s
laya ane-bc1s-masked cpu_ne L64 q1: fwd p50 8.11 p95 8.17 (n=300) | e2e p50 nan | load 37.9s
laya ane-bc1s-masked cpu_ne L96 q1: fwd p50 9.00 p95 9.06 (n=300) | e2e p50 nan | load 37.4s
laya ane-bc1s-masked cpu_ne L128 q1: fwd p50 9.93 p95 9.97 (n=300) | e2e p50 nan | load 37.5s
laya ane-bc1s-masked cpu_ne L256 q1: fwd p50 20.07 p95 20.12 (n=200) | e2e p50 nan | load 42.1s
laya ane-bc1s-masked cpu_ne L512 q1: fwd p50 54.54 p95 54.69 (n=74) | e2e p50 nan | load 45.1s
laya-typed-decisions mlx float16 L64 q1: fwd p50 9.39 p95 9.51 (n=300) | e2e p50 nan | load 0.1s
laya-typed-decisions mlx float16 L96 q1: fwd p50 11.59 p95 11.66 (n=300) | e2e p50 nan | load 0.1s
laya-typed-decisions mlx float16 L128 q1: fwd p50 12.23 p95 12.31 (n=300) | e2e p50 nan | load 0.1s
laya-typed-decisions mlx float16 L256 q1: fwd p50 19.22 p95 19.32 (n=209) | e2e p50 nan | load 0.1s
laya-typed-decisions mlx float16 L512 q1: fwd p50 35.05 p95 35.21 (n=115) | e2e p50 nan | load 0.1s
laya-typed-decisions mlx float16 L1024 q1: fwd p50 70.99 p95 71.07 (n=57) | e2e p50 nan | load 0.1s
laya-multilingual mlx float16 L64 q1: fwd p50 5.37 p95 5.48 (n=300) | e2e p50 nan | load 0.3s
laya-multilingual mlx float16 L96 q1: fwd p50 6.33 p95 6.40 (n=300) | e2e p50 nan | load 0.3s
laya-multilingual mlx float16 L128 q1: fwd p50 6.46 p95 6.51 (n=300) | e2e p50 nan | load 0.3s
laya-multilingual mlx float16 L256 q1: fwd p50 8.57 p95 8.63 (n=300) | e2e p50 nan | load 0.3s
laya-multilingual mlx float16 L512 q1: fwd p50 14.96 p95 15.05 (n=268) | e2e p50 nan | load 0.3s
laya-multilingual mlx float16 L1024 q1: fwd p50 29.20 p95 29.28 (n=137) | e2e p50 nan | load 0.3s
laya mlx float16 L64 q1: fwd p50 9.36 p95 9.52 (n=300) | e2e p50 nan | load 0.1s
laya mlx float16 L96 q1: fwd p50 11.60 p95 11.68 (n=300) | e2e p50 nan | load 0.1s
laya mlx float16 L128 q1: fwd p50 12.23 p95 12.31 (n=300) | e2e p50 nan | load 0.1s
laya mlx float16 L256 q1: fwd p50 19.23 p95 19.31 (n=209) | e2e p50 nan | load 0.1s
laya mlx float16 L512 q1: fwd p50 35.21 p95 35.28 (n=114) | e2e p50 nan | load 0.1s
laya-typed-decisions ordinary-enumerated cpu_gpu L128 q1: fwd p50 218.25 p95 219.31 (n=20) | e2e p50 nan | load 5.4s
laya-typed-decisions ordinary-enumerated cpu_gpu L512 q1: fwd p50 917.22 p95 920.78 (n=20) | e2e p50 nan | load 5.4s
laya-multilingual ordinary-enumerated cpu_gpu L128 q1: fwd p50 83.00 p95 84.16 (n=37) | e2e p50 nan | load 4.4s
laya-multilingual ordinary-enumerated cpu_gpu L512 q1: fwd p50 373.10 p95 380.74 (n=20) | e2e p50 nan | load 4.4s
laya ordinary-enumerated cpu_gpu L128 q1: fwd p50 218.85 p95 223.53 (n=20) | e2e p50 nan | load 5.1s
laya ordinary-enumerated cpu_gpu L512 q1: fwd p50 921.49 p95 925.27 (n=20) | e2e p50 nan | load 5.1s
=== 05:21:00 batched ANE (crossover vs batch)
laya-typed-decisions ane-bc1s-masked cpu_ne L64 q4: fwd p50 18.40 p95 18.49 (n=218) | e2e p50 18.61 | load 50.0s
laya-typed-decisions ane-bc1s-masked cpu_ne L128 q4: fwd p50 41.59 p95 41.67 (n=97) | e2e p50 42.01 | load 58.9s
laya-typed-decisions ane-bc1s-masked cpu_ne L256 q4: fwd p50 92.49 p95 92.59 (n=50) | e2e p50 93.19 | load 58.3s
laya-typed-decisions ane-bc1s-masked cpu_ne L64 q8: fwd p50 40.82 p95 40.96 (n=99) | e2e p50 41.29 | load 61.5s
laya-typed-decisions ane-bc1s-masked cpu_ne L128 q8: fwd p50 87.49 p95 87.55 (n=50) | e2e p50 88.14 | load 55.2s
laya-typed-decisions ane-bc1s-masked cpu_ne L256 q8: fwd p50 207.19 p95 207.68 (n=50) | e2e p50 209.25 | load 57.8s
laya-multilingual ane-bc1s-masked cpu_ne L64 q4: fwd p50 7.15 p95 7.20 (n=300) | e2e p50 7.36 | load 24.6s
laya-multilingual ane-bc1s-masked cpu_ne L128 q4: fwd p50 15.23 p95 15.27 (n=263) | e2e p50 15.52 | load 28.4s
laya-multilingual ane-bc1s-masked cpu_ne L256 q4: fwd p50 37.76 p95 37.97 (n=106) | e2e p50 38.50 | load 29.7s
laya-multilingual ane-bc1s-masked cpu_ne L64 q8: fwd p50 14.03 p95 14.27 (n=285) | e2e p50 14.50 | load 25.8s
laya-multilingual ane-bc1s-masked cpu_ne L128 q8: fwd p50 32.48 p95 32.60 (n=124) | e2e p50 33.04 | load 29.5s
laya-multilingual ane-bc1s-masked cpu_ne L256 q8: fwd p50 92.55 p95 92.67 (n=50) | e2e p50 93.57 | load 27.3s
=== 05:31:35 windowed ANE full body
laya-typed-decisions ane-bc1s-windowed cpu_ne L128 q1: fwd p50 10.14 p95 10.24 (n=300) | e2e p50 nan | load 55.0s
laya-typed-decisions ane-bc1s-windowed cpu_ne L256 q1: fwd p50 19.76 p95 19.82 (n=203) | e2e p50 nan | load 106.8s
laya-typed-decisions ane-bc1s-windowed cpu_ne L512 q1: fwd p50 47.52 p95 47.66 (n=85) | e2e p50 nan | load 227.1s
laya-typed-decisions ane-bc1s-windowed cpu_ne L1024 q1: fwd p50 127.56 p95 127.72 (n=50) | e2e p50 nan | load 535.6s
=== 05:47:21 component probes
layer 3 masked 128 ops ane=1480 gpu=0 cpu=0 | cost ane=1.000 gpu=0.000 cpu=0.000 | transitions=0
layer 1 masked 128 ops ane=1480 gpu=0 cpu=0 | cost ane=1.000 gpu=0.000 cpu=0.000 | transitions=0
attention 3 masked 128 ops ane=1448 gpu=0 cpu=0 | cost ane=1.000 gpu=0.000 cpu=0.000 | transitions=0
attention 1 masked 128 ops ane=1448 gpu=0 cpu=0 | cost ane=1.000 gpu=0.000 cpu=0.000 | transitions=0
attention 1 windowed 128 ops ane=1962 gpu=0 cpu=0 | cost ane=1.000 gpu=0.000 cpu=0.000 | transitions=0
mlp 1 masked 128 ops ane=32 gpu=0 cpu=0 | cost ane=1.000 gpu=0.000 cpu=0.000 | transitions=0
qkv 1 masked 128 ops ane=32 gpu=0 cpu=0 | cost ane=1.000 gpu=0.000 cpu=0.000 | transitions=0
norm 1 masked 128 ops ane=0 gpu=0 cpu=12 | cost ane=0.000 gpu=0.000 cpu=1.000 | transitions=0
scores 3 masked 128 ops ane=1423 gpu=0 cpu=0 | cost ane=1.000 gpu=0.000 cpu=0.000 | transitions=0
layer 3 masked 256 ops ane=1480 gpu=0 cpu=0 | cost ane=1.000 gpu=0.000 cpu=0.000 | transitions=0
layer 1 masked 256 ops ane=1480 gpu=0 cpu=0 | cost ane=1.000 gpu=0.000 cpu=0.000 | transitions=0
attention 3 masked 256 ops ane=1448 gpu=0 cpu=0 | cost ane=1.000 gpu=0.000 cpu=0.000 | transitions=0
attention 1 masked 256 ops ane=1448 gpu=0 cpu=0 | cost ane=1.000 gpu=0.000 cpu=0.000 | transitions=0
attention 1 windowed 256 ops ane=3440 gpu=0 cpu=0 | cost ane=1.000 gpu=0.000 cpu=0.000 | transitions=0
mlp 1 masked 256 ops ane=32 gpu=0 cpu=0 | cost ane=1.000 gpu=0.000 cpu=0.000 | transitions=0
qkv 1 masked 256 ops ane=32 gpu=0 cpu=0 | cost ane=1.000 gpu=0.000 cpu=0.000 | transitions=0
norm 1 masked 256 ops ane=12 gpu=0 cpu=0 | cost ane=1.000 gpu=0.000 cpu=0.000 | transitions=0
scores 3 masked 256 ops ane=1423 gpu=0 cpu=0 | cost ane=1.000 gpu=0.000 cpu=0.000 | transitions=0
layer 3 masked 512 ops ane=1480 gpu=0 cpu=0 | cost ane=1.000 gpu=0.000 cpu=0.000 | transitions=0
layer 1 masked 512 ops ane=1480 gpu=0 cpu=0 | cost ane=1.000 gpu=0.000 cpu=0.000 | transitions=0
attention 3 masked 512 ops ane=1448 gpu=0 cpu=0 | cost ane=1.000 gpu=0.000 cpu=0.000 | transitions=0
attention 1 masked 512 ops ane=1448 gpu=0 cpu=0 | cost ane=1.000 gpu=0.000 cpu=0.000 | transitions=0
attention 1 windowed 512 ops ane=5752 gpu=0 cpu=0 | cost ane=1.000 gpu=0.000 cpu=0.000 | transitions=0
mlp 1 masked 512 ops ane=32 gpu=0 cpu=0 | cost ane=1.000 gpu=0.000 cpu=0.000 | transitions=0
qkv 1 masked 512 ops ane=32 gpu=0 cpu=0 | cost ane=1.000 gpu=0.000 cpu=0.000 | transitions=0
norm 1 masked 512 ops ane=12 gpu=0 cpu=0 | cost ane=1.000 gpu=0.000 cpu=0.000 | transitions=0
scores 3 masked 512 ops ane=1423 gpu=0 cpu=0 | cost ane=1.000 gpu=0.000 cpu=0.000 | transitions=0
layer 3 masked 1024 ops ane=1480 gpu=0 cpu=0 | cost ane=1.000 gpu=0.000 cpu=0.000 | transitions=0
layer 1 masked 1024 ops ane=1480 gpu=0 cpu=0 | cost ane=1.000 gpu=0.000 cpu=0.000 | transitions=0
attention 3 masked 1024 ops ane=1448 gpu=0 cpu=0 | cost ane=1.000 gpu=0.000 cpu=0.000 | transitions=0
attention 1 masked 1024 ops ane=1448 gpu=0 cpu=0 | cost ane=1.000 gpu=0.000 cpu=0.000 | transitions=0
attention 1 windowed 1024 ops ane=10376 gpu=0 cpu=0 | cost ane=1.000 gpu=0.000 cpu=0.000 | transitions=0
mlp 1 masked 1024 ops ane=32 gpu=0 cpu=0 | cost ane=1.000 gpu=0.000 cpu=0.000 | transitions=0
qkv 1 masked 1024 ops ane=32 gpu=0 cpu=0 | cost ane=1.000 gpu=0.000 cpu=0.000 | transitions=0
norm 1 masked 1024 ops ane=12 gpu=0 cpu=0 | cost ane=1.000 gpu=0.000 cpu=0.000 | transitions=0
scores 3 masked 1024 ops ane=1423 gpu=0 cpu=0 | cost ane=1.000 gpu=0.000 cpu=0.000 | transitions=0
=== 05:52:28 concurrency
  return Agent(model_id_or_path, device=device, token=token, subfolder=subfolder, **kwargs)
  return Agent(model_id_or_path, device=device, token=token, subfolder=subfolder, **kwargs)
ready ane_short load 44.1s
ready gpu_long load 0.2s
ready gpu_short load 0.2s
ready ane_long load 77.2s
0 ane_short {'ane_short': (99.6, 10.03, 10.24)}
0 gpu_long {'gpu_long': (13.9, 71.71, 72.13)}
0 gpu_short {'gpu_short': (81.1, 12.34, 12.57)}
0 ane_long {'ane_long': (5.9, 170.44, 174.22)}
0 ane_short+gpu_long {'ane_short': (100.3, 9.95, 10.16), 'gpu_long': (13.9, 71.76, 72.11)}
0 gpu_short+gpu_long {'gpu_short': (22.0, 44.97, 49.93), 'gpu_long': (12.4, 80.71, 81.7)}
0 ane_short+ane_long {'ane_short': (6.0, 170.26, 170.72), 'ane_long': (5.9, 170.27, 178.83)}
1 ane_short+ane_long {'ane_short': (6.1, 170.28, 170.84), 'ane_long': (5.9, 170.28, 180.52)}
1 gpu_short+gpu_long {'gpu_short': (22.0, 45.04, 50.12), 'gpu_long': (12.4, 80.75, 81.65)}
1 ane_short+gpu_long {'ane_short': (100.4, 9.95, 10.16), 'gpu_long': (13.9, 71.78, 72.07)}
1 ane_long {'ane_long': (5.9, 170.72, 172.7)}
1 gpu_short {'gpu_short': (81.2, 12.34, 12.49)}
1 gpu_long {'gpu_long': (13.9, 71.7, 72.09)}
1 ane_short {'ane_short': (99.7, 10.02, 10.2)}
2 ane_short {'ane_short': (99.6, 10.05, 10.24)}
2 gpu_long {'gpu_long': (13.9, 71.7, 72.06)}
2 gpu_short {'gpu_short': (81.3, 12.32, 12.54)}
2 ane_long {'ane_long': (5.8, 170.59, 172.07)}
2 ane_short+gpu_long {'ane_short': (100.4, 9.94, 10.27), 'gpu_long': (13.9, 71.78, 72.1)}
2 gpu_short+gpu_long {'gpu_short': (22.0, 44.86, 50.25), 'gpu_long': (12.4, 80.78, 81.62)}
2 ane_short+ane_long {'ane_short': (6.0, 171.17, 171.67), 'ane_long': (5.8, 171.2, 181.34)}
ready ane_short load 21.7s
ready gpu_long load 0.6s
ready gpu_short load 0.6s
0 ane_short {'ane_short': (249.1, 4.02, 4.12)}
0 gpu_long {'gpu_long': (33.7, 29.63, 29.97)}
0 gpu_short {'gpu_short': (157.8, 6.35, 6.53)}
0 ane_short+gpu_long {'ane_short': (252.0, 3.97, 4.16), 'gpu_long': (33.7, 29.61, 29.89)}
0 gpu_short+gpu_long {'gpu_short': (63.4, 16.09, 17.56), 'gpu_long': (28.9, 34.66, 35.1)}
1 gpu_short+gpu_long {'gpu_short': (63.6, 16.05, 17.55), 'gpu_long': (28.9, 34.62, 35.08)}
1 ane_short+gpu_long {'ane_short': (252.4, 3.96, 4.12), 'gpu_long': (33.7, 29.64, 29.92)}
1 gpu_short {'gpu_short': (157.3, 6.37, 6.54)}
1 gpu_long {'gpu_long': (33.7, 29.64, 29.91)}
1 ane_short {'ane_short': (249.3, 4.01, 4.11)}
2 ane_short {'ane_short': (250.3, 4.0, 4.11)}
2 gpu_long {'gpu_long': (33.7, 29.63, 29.94)}
2 gpu_short {'gpu_short': (156.9, 6.38, 6.55)}
2 ane_short+gpu_long {'ane_short': (252.6, 3.96, 4.14), 'gpu_long': (33.8, 29.6, 29.9)}
2 gpu_short+gpu_long {'gpu_short': (63.3, 16.07, 17.59), 'gpu_long': (28.8, 34.66, 35.13)}
=== 06:07:42 traces
 "record_returncode": 0,
ane-hw-intervals {'rows': 38, 'duration_total_ms': 6140.373042, 'duration_median_ms': 161.631709} [('Apple Neural Engine | Neural Engine Prediction | Active', 38)]
metal-gpu-intervals {'rows': 0, 'duration_total_ms': 0.0, 'duration_median_ms': None} []
 "record_returncode": 0,
ane-hw-intervals {'rows': 1946, 'duration_total_ms': 5998.986492, 'duration_median_ms': 0.583541} [('Apple Neural Engine | Neural Engine Prediction | Active', 1946)]
metal-gpu-intervals {'rows': 0, 'duration_total_ms': 0.0, 'duration_median_ms': None} []
 "record_returncode": 0,
ane-hw-intervals {'rows': 0, 'duration_total_ms': 0.0, 'duration_median_ms': None} []
metal-gpu-intervals {'rows': 0, 'duration_total_ms': 0.0, 'duration_median_ms': None} []
 "record_returncode": 0,
ane-hw-intervals {'rows': 639, 'duration_total_ms': 5943.106451, 'duration_median_ms': 9.323541} [('Apple Neural Engine | Neural Engine Prediction | Active', 639)]
metal-gpu-intervals {'rows': 0, 'duration_total_ms': 0.0, 'duration_median_ms': None} []
=== 06:13:23 done
